<?xml version="1.0" encoding="utf-8"?><testsuites name="pytest tests"><testsuite name="pytest" errors="1" failures="0" skipped="15" tests="16" time="2.204" timestamp="2025-12-19T01:20:54.970064-05:00" hostname="PC_2025"><testcase classname="" name="tests.installer.integration.test_installation_flow" time="0.000"><skipped message="collection skipped">('F:\\GiljoAI_MCP\\tests\\installer\\integration\\test_installation_flow.py', 25, 'Skipped: Not all components available')</skipped></testcase><testcase classname="" name="tests.installer.unit.test_config_manager" time="0.000"><skipped message="collection skipped">('F:\\GiljoAI_MCP\\tests\\installer\\unit\\test_config_manager.py', 32, 'Skipped: Configuration Manager not available')</skipped></testcase><testcase classname="" name="tests.installer.unit.test_docker" time="0.000"><skipped message="collection skipped">('F:\\GiljoAI_MCP\\tests\\installer\\unit\\test_docker.py', 24, 'Skipped: Docker installer not available')</skipped></testcase><testcase classname="" name="tests.installer.unit.test_health_checker" time="0.000"><skipped message="collection skipped">('F:\\GiljoAI_MCP\\tests\\installer\\unit\\test_health_checker.py', 22, 'Skipped: Health check system not available')</skipped></testcase><testcase classname="" name="tests.installer.unit.test_postgresql" time="0.000"><skipped message="collection skipped">('F:\\GiljoAI_MCP\\tests\\installer\\unit\\test_postgresql.py', 24, 'Skipped: PostgreSQL installer not available')</skipped></testcase><testcase classname="" name="tests.installer.unit.test_profile" time="0.000"><skipped message="collection skipped">('F:\\GiljoAI_MCP\\tests\\installer\\unit\\test_profile.py', 31, 'Skipped: Profile system not available')</skipped></testcase><testcase classname="" name="tests.installer.unit.test_redis" time="0.000"><skipped message="collection skipped">('F:\\GiljoAI_MCP\\tests\\installer\\unit\\test_redis.py', 24, 'Skipped: Redis installer not available')</skipped></testcase><testcase classname="" name="tests.installer.unit.test_service_manager" time="0.000"><skipped message="collection skipped">('F:\\GiljoAI_MCP\\tests\\installer\\unit\\test_service_manager.py', 23, 'Skipped: Service Manager not available')</skipped></testcase><testcase classname="" name="tests.integration.test_backup_integration" time="0.000"><skipped message="collection skipped">('F:\\GiljoAI_MCP\\tests\\integration\\test_backup_integration.py', 19, 'Skipped: TODO(0127a-2): Comprehensive refactoring needed for MCPAgentJob model')</skipped></testcase><testcase classname="" name="tests.integration.test_claude_code_integration" time="0.000"><skipped message="collection skipped">('F:\\GiljoAI_MCP\\tests\\integration\\test_claude_code_integration.py', 15, 'Skipped: TODO(0127a-2): Comprehensive refactoring needed for MCPAgentJob model')</skipped></testcase><testcase classname="" name="tests.integration.test_hierarchical_context" time="0.000"><skipped message="collection skipped">('F:\\GiljoAI_MCP\\tests\\integration\\test_hierarchical_context.py', 12, 'Skipped: TODO(0127a-2): Comprehensive refactoring needed for MCPAgentJob model')</skipped></testcase><testcase classname="" name="tests.integration.test_message_queue_integration" time="0.000"><skipped message="collection skipped">('F:\\GiljoAI_MCP\\tests\\integration\\test_message_queue_integration.py', 8, 'Skipped: TODO(0127a-2): Comprehensive refactoring needed for MCPAgentJob model')</skipped></testcase><testcase classname="" name="tests.integration.test_orchestrator_template" time="0.000"><skipped message="collection skipped">('F:\\GiljoAI_MCP\\tests\\integration\\test_orchestrator_template.py', 13, 'Skipped: TODO(0127a-2): Comprehensive refactoring needed for MCPAgentJob model')</skipped></testcase><testcase classname="" name="tests.integration.test_upgrade_validation" time="0.000"><skipped message="collection skipped">('F:\\GiljoAI_MCP\\tests\\integration\\test_upgrade_validation.py', 13, 'Skipped: TODO(0127a-2): Comprehensive refactoring needed for MCPAgentJob model')</skipped></testcase><testcase classname="" name="tests.performance.test_database_benchmarks" time="0.000"><skipped message="collection skipped">('F:\\GiljoAI_MCP\\tests\\performance\\test_database_benchmarks.py', 35, 'Skipped: TODO(0127a-2): Performance tests need MCPAgentJob refactoring')</skipped></testcase><testcase classname="" name="tests.test_agent_monitoring" time="0.000"><error message="collection failure">ImportError while importing test module 'F:\GiljoAI_MCP\tests\test_agent_monitoring.py'.
Hint: make sure your test modules/packages have valid Python names.
Traceback:
C:\Program Files\Python311\Lib\importlib\__init__.py:126: in import_module
    return _bootstrap._gcd_import(name[level:], package, level)
           ^^^^^^^^^^^^^^^^^^^^^^^^^^^^^^^^^^^^^^^^^^^^^^^^^^^^
tests\test_agent_monitoring.py:23: in &lt;module&gt;
    from src.giljo_mcp.tools.agent_messaging import read_mcp_messages
E   ModuleNotFoundError: No module named 'src.giljo_mcp.tools.agent_messaging'</error></testcase></testsuite></testsuites>